// Jest Snapshot v1, https://goo.gl/fbAQLP

exports[`snapshot 1`] = `
<main>
  <SideEffect(Head)>
    <title>
      Home page
    </title>
  </SideEffect(Head)>
  Hello World
</main>
`;
